[2511:90081:0601/114151.890911:INFO:components/enterprise/browser/controller/chrome_browser_cloud_management_controller.cc:202] No machine level policy manager exists.
[2511:90081:0601/114151.972765:WARNING:chrome/browser/extensions/extension_service.cc:359] --load-extension is not allowed in Google Chrome, ignoring.
[2511:90171:0601/114155.853919:ERROR:net/disk_cache/blockfile/rankings.cc:767] Inconsistent LRU.
[2511:90171:0601/114155.853967:ERROR:net/disk_cache/blockfile/backend_impl.cc:985] Critical error found -8
[2511:90171:0601/114155.854009:WARNING:net/disk_cache/blockfile/storage_block-inl.h:136] Failed data load.
[2511:90081:0601/114156.138171:INFO:CONSOLE:250] "
%cStop! font-family:helvetica; font-size:20px; font-size:50px; font-weight:bold; color:red; -webkit-text-stroke:1px black;", source: https://static.xx.fbcdn.net/rsrc.php/v4/yu/r/Ae7QrCYDp6C.js?_nc_eui2=AeGZloU5H2EWItBKV_jGMYZ37YDpxh1keTPtgOnGHWR5M7wpWVV_ufbGOcvMotQoGHENaNkmOs8XsY8SUDra3Toa (250)
[2511:90081:0601/114156.138259:INFO:CONSOLE:250] "
%cThis is a browser feature intended for developers. If someone told you to copy-paste something here to enable a Facebook feature or "hack" someone's account, it is a scam and will give them access to your Facebook account. font-family:helvetica; font-size:20px; ", source: https://static.xx.fbcdn.net/rsrc.php/v4/yu/r/Ae7QrCYDp6C.js?_nc_eui2=AeGZloU5H2EWItBKV_jGMYZ37YDpxh1keTPtgOnGHWR5M7wpWVV_ufbGOcvMotQoGHENaNkmOs8XsY8SUDra3Toa (250)
[2511:90081:0601/114156.138283:INFO:CONSOLE:250] "
%cSee https://www.facebook.com/selfxss for more information. font-family:helvetica; font-size:20px; ", source: https://static.xx.fbcdn.net/rsrc.php/v4/yu/r/Ae7QrCYDp6C.js?_nc_eui2=AeGZloU5H2EWItBKV_jGMYZ37YDpxh1keTPtgOnGHWR5M7wpWVV_ufbGOcvMotQoGHENaNkmOs8XsY8SUDra3Toa (250)
[2511:90081:0601/114156.138315:INFO:CONSOLE:250] "
%c ", source: https://static.xx.fbcdn.net/rsrc.php/v4/yu/r/Ae7QrCYDp6C.js?_nc_eui2=AeGZloU5H2EWItBKV_jGMYZ37YDpxh1keTPtgOnGHWR5M7wpWVV_ufbGOcvMotQoGHENaNkmOs8XsY8SUDra3Toa (250)
[2511:90081:0601/114201.305251:INFO:CONSOLE:250] "
%cStop! font-family:helvetica; font-size:20px; font-size:50px; font-weight:bold; color:red; -webkit-text-stroke:1px black;", source: https://static.xx.fbcdn.net/rsrc.php/v4/yu/r/Ae7QrCYDp6C.js?_nc_eui2=AeGZloU5H2EWItBKV_jGMYZ37YDpxh1keTPtgOnGHWR5M7wpWVV_ufbGOcvMotQoGHENaNkmOs8XsY8SUDra3Toa (250)
[2511:90081:0601/114201.305349:INFO:CONSOLE:250] "
%cThis is a browser feature intended for developers. If someone told you to copy-paste something here to enable a Facebook feature or "hack" someone's account, it is a scam and will give them access to your Facebook account. font-family:helvetica; font-size:20px; ", source: https://static.xx.fbcdn.net/rsrc.php/v4/yu/r/Ae7QrCYDp6C.js?_nc_eui2=AeGZloU5H2EWItBKV_jGMYZ37YDpxh1keTPtgOnGHWR5M7wpWVV_ufbGOcvMotQoGHENaNkmOs8XsY8SUDra3Toa (250)
[2511:90081:0601/114201.305373:INFO:CONSOLE:250] "
%cSee https://www.facebook.com/selfxss for more information. font-family:helvetica; font-size:20px; ", source: https://static.xx.fbcdn.net/rsrc.php/v4/yu/r/Ae7QrCYDp6C.js?_nc_eui2=AeGZloU5H2EWItBKV_jGMYZ37YDpxh1keTPtgOnGHWR5M7wpWVV_ufbGOcvMotQoGHENaNkmOs8XsY8SUDra3Toa (250)
[2511:90081:0601/114201.305391:INFO:CONSOLE:250] "
%c ", source: https://static.xx.fbcdn.net/rsrc.php/v4/yu/r/Ae7QrCYDp6C.js?_nc_eui2=AeGZloU5H2EWItBKV_jGMYZ37YDpxh1keTPtgOnGHWR5M7wpWVV_ufbGOcvMotQoGHENaNkmOs8XsY8SUDra3Toa (250)
[2517:90173:0601/114219.160047:WARNING:ui/gl/angle_platform_impl.cc:54] SizedMRUCache.h:150 (TrimCache): Overflowed the metal library cache limit of 64 elements, removing the least recently used to make room.
[2511:90081:0601/114245.083652:INFO:CONSOLE:0] "ResizeObserver loop completed with undelivered notifications.", source: https://www.facebook.com/groups/5844730582288620 (0)
[2511:90081:0601/114248.946928:INFO:CONSOLE:0] "ResizeObserver loop completed with undelivered notifications.", source: https://www.facebook.com/groups/5844730582288620 (0)
[2517:90173:0601/114248.955898:WARNING:ui/gl/angle_platform_impl.cc:54] SizedMRUCache.h:150 (TrimCache): Overflowed the render pipeline cache limit of 64 elements, removing the least recently used to make room.
[2511:90081:0601/114351.134086:INFO:CONSOLE:0] "ResizeObserver loop completed with undelivered notifications.", source: https://www.facebook.com/groups/5844730582288620 (0)
[2517:90292:0601/114443.742187:WARNING:ui/gl/angle_platform_impl.cc:54] SizedMRUCache.h:150 (TrimCache): Overflowed the metal library cache limit of 64 elements, removing the least recently used to make room.
[2511:90081:0601/114447.991030:INFO:CONSOLE:250] "
%cStop! font-family:helvetica; font-size:20px; font-size:50px; font-weight:bold; color:red; -webkit-text-stroke:1px black;", source: https://static.xx.fbcdn.net/rsrc.php/v4/yu/r/Ae7QrCYDp6C.js?_nc_eui2=AeGZloU5H2EWItBKV_jGMYZ37YDpxh1keTPtgOnGHWR5M7wpWVV_ufbGOcvMotQoGHENaNkmOs8XsY8SUDra3Toa (250)
[2511:90081:0601/114447.991108:INFO:CONSOLE:250] "
%cThis is a browser feature intended for developers. If someone told you to copy-paste something here to enable a Facebook feature or "hack" someone's account, it is a scam and will give them access to your Facebook account. font-family:helvetica; font-size:20px; ", source: https://static.xx.fbcdn.net/rsrc.php/v4/yu/r/Ae7QrCYDp6C.js?_nc_eui2=AeGZloU5H2EWItBKV_jGMYZ37YDpxh1keTPtgOnGHWR5M7wpWVV_ufbGOcvMotQoGHENaNkmOs8XsY8SUDra3Toa (250)
[2511:90081:0601/114447.991128:INFO:CONSOLE:250] "
%cSee https://www.facebook.com/selfxss for more information. font-family:helvetica; font-size:20px; ", source: https://static.xx.fbcdn.net/rsrc.php/v4/yu/r/Ae7QrCYDp6C.js?_nc_eui2=AeGZloU5H2EWItBKV_jGMYZ37YDpxh1keTPtgOnGHWR5M7wpWVV_ufbGOcvMotQoGHENaNkmOs8XsY8SUDra3Toa (250)
[2511:90081:0601/114447.991164:INFO:CONSOLE:250] "
%c ", source: https://static.xx.fbcdn.net/rsrc.php/v4/yu/r/Ae7QrCYDp6C.js?_nc_eui2=AeGZloU5H2EWItBKV_jGMYZ37YDpxh1keTPtgOnGHWR5M7wpWVV_ufbGOcvMotQoGHENaNkmOs8XsY8SUDra3Toa (250)
